Test header log09/12/2017
DEBUG -- Test message log
